2026-09-30 23:39:35,934 [INFO] main: Старт сбора цен на мастику Технониколь
2026-09-30 23:39:35,934 [INFO] main: ============================================================
2026-09-30 23:39:35,934 [INFO] main: Запускаем парсер: ksk24.ru
2026-09-30 23:39:35,934 [INFO] main: ============================================================
2026-09-30 23:39:36,412 [INFO] parsers.base_parser: [ksk24.ru] Браузер запущен, UA=Mozilla/5.0 (Windows NT 10.0; Win64; x64) AppleWebKit/537.36 (KHTML, like Gecko) Chrome/131.0.0.0 Safari/537.36
2026-09-30 23:39:36,412 [INFO] parsers.base_parser: [ksk24.ru] Прогрев: открываем https://ksk24.ru
2026-09-30 23:39:40,503 [INFO] parsers.parser_ksk24: [ksk24.ru] Пробуем URL: https://ksk24.ru/search/?q=%D0%BC%D0%B0%D1%81%D1%82%D0%B8%D0%BA%D0%B0+%D1%82%D0%B5%D1%85%D0%BD%D0%BE%D0%BD%D0%B8%D0%BA%D0%BE%D0%BB%D1%8C
2026-09-30 23:39:40,563 [INFO] utils.robots_checker: [ksk24.ru] robots.txt разрешает парсинг https://ksk24.ru/search/?q=%D0%BC%D0%B0%D1%81%D1%82%D0%B8%D0%BA%D0%B0+%D1%82%D0%B5%D1%85%D0%BD%D0%BE%D0%BD%D0%B8%D0%BA%D0%BE%D0%BB%D1%8C
2026-09-30 23:39:40,875 [INFO] parsers.base_parser: [ksk24.ru] GET https://ksk24.ru/search/?q=%D0%BC%D0%B0%D1%81%D1%82%D0%B8%D0%BA%D0%B0+%D1%82%D0%B5%D1%85%D0%BD%D0%BE%D0%BD%D0%B8%D0%BA%D0%BE%D0%BB%D1%8C (попытка 1/3)
2026-09-30 23:39:43,335 [INFO] parsers.parser_ksk24: [ksk24.ru] На https://ksk24.ru/search/?q=%D0%BC%D0%B0%D1%81%D1%82%D0%B8%D0%BA%D0%B0+%D1%82%D0%B5%D1%85%D0%BD%D0%BE%D0%BD%D0%B8%D0%BA%D0%BE%D0%BB%D1%8C найдено карточек: 4
2026-09-30 23:39:43,445 [INFO] parsers.parser_ksk24: [ksk24.ru] Пробуем URL: https://ksk24.ru/search/?q=%D0%BC%D0%B0%D1%81%D1%82%D0%B8%D0%BA%D0%B0
2026-09-30 23:39:43,534 [INFO] utils.robots_checker: [ksk24.ru] robots.txt разрешает парсинг https://ksk24.ru/search/?q=%D0%BC%D0%B0%D1%81%D1%82%D0%B8%D0%BA%D0%B0
2026-09-30 23:39:43,584 [INFO] parsers.base_parser: [ksk24.ru] GET https://ksk24.ru/search/?q=%D0%BC%D0%B0%D1%81%D1%82%D0%B8%D0%BA%D0%B0 (попытка 1/3)
2026-09-30 23:39:46,395 [INFO] parsers.parser_ksk24: [ksk24.ru] На https://ksk24.ru/search/?q=%D0%BC%D0%B0%D1%81%D1%82%D0%B8%D0%BA%D0%B0 найдено карточек: 22
2026-09-30 23:39:46,920 [INFO] parsers.parser_ksk24: [ksk24.ru] ИТОГО: 15 уникальных позиций Технониколь
2026-09-30 23:39:46,980 [INFO] parsers.base_parser: [ksk24.ru] Браузер закрыт
2026-09-30 23:39:46,980 [INFO] main: [ksk24.ru] Получено записей: 15
2026-09-30 23:39:46,980 [INFO] main: ============================================================
2026-09-30 23:39:46,980 [INFO] main: Запускаем парсер: tophouse.ru
2026-09-30 23:39:46,980 [INFO] main: ============================================================
2026-09-30 23:39:47,472 [INFO] parsers.base_parser: [tophouse.ru] Браузер запущен, UA=Mozilla/5.0 (Windows NT 10.0; Win64; x64) AppleWebKit/537.36 (KHTML, like Gecko) Chrome/131.0.0.0 Safari/537.36
2026-09-30 23:39:47,474 [INFO] parsers.base_parser: [tophouse.ru] Прогрев: открываем https://www.tophouse.ru
2026-09-30 23:39:50,604 [INFO] parsers.parser_tophouse: [tophouse.ru] Пробуем URL: https://www.tophouse.ru/search/?q=%D0%9C%D0%B0%D1%81%D1%82%D0%B8%D0%BA%D0%B0+%D1%82%D0%B5%D1%85%D0%BD%D0%B8%D0%BA%D0%BE%D0%BB%D1%8C
2026-09-30 23:39:50,656 [INFO] utils.robots_checker: [tophouse.ru] robots.txt разрешает парсинг https://www.tophouse.ru/search/?q=%D0%9C%D0%B0%D1%81%D1%82%D0%B8%D0%BA%D0%B0+%D1%82%D0%B5%D1%85%D0%BD%D0%B8%D0%BA%D0%BE%D0%BB%D1%8C
2026-09-30 23:39:50,656 [INFO] parsers.base_parser: [tophouse.ru] GET https://www.tophouse.ru/search/?q=%D0%9C%D0%B0%D1%81%D1%82%D0%B8%D0%BA%D0%B0+%D1%82%D0%B5%D1%85%D0%BD%D0%B8%D0%BA%D0%BE%D0%BB%D1%8C (попытка 1/3)
2026-09-30 23:39:53,444 [INFO] parsers.parser_tophouse: [tophouse.ru] На https://www.tophouse.ru/search/?q=%D0%9C%D0%B0%D1%81%D1%82%D0%B8%D0%BA%D0%B0+%D1%82%D0%B5%D1%85%D0%BD%D0%B8%D0%BA%D0%BE%D0%BB%D1%8C найдено карточек: 30
2026-09-30 23:39:54,209 [INFO] parsers.parser_tophouse: [tophouse.ru] Пробуем URL: https://www.tophouse.ru/search/?q=%D0%9C%D0%B0%D1%81%D1%82%D0%B8%D0%BA%D0%B0+%D1%82%D0%B5%D1%85%D0%BD%D0%BE%D0%BD%D0%B8%D0%BA%D0%BE%D0%BB%D1%8C
2026-09-30 23:39:54,260 [INFO] utils.robots_checker: [tophouse.ru] robots.txt разрешает парсинг https://www.tophouse.ru/search/?q=%D0%9C%D0%B0%D1%81%D1%82%D0%B8%D0%BA%D0%B0+%D1%82%D0%B5%D1%85%D0%BD%D0%BE%D0%BD%D0%B8%D0%BA%D0%BE%D0%BB%D1%8C
2026-09-30 23:39:54,260 [INFO] parsers.base_parser: [tophouse.ru] GET https://www.tophouse.ru/search/?q=%D0%9C%D0%B0%D1%81%D1%82%D0%B8%D0%BA%D0%B0+%D1%82%D0%B5%D1%85%D0%BD%D0%BE%D0%BD%D0%B8%D0%BA%D0%BE%D0%BB%D1%8C (попытка 1/3)
2026-09-30 23:39:56,865 [INFO] parsers.parser_tophouse: [tophouse.ru] На https://www.tophouse.ru/search/?q=%D0%9C%D0%B0%D1%81%D1%82%D0%B8%D0%BA%D0%B0+%D1%82%D0%B5%D1%85%D0%BD%D0%BE%D0%BD%D0%B8%D0%BA%D0%BE%D0%BB%D1%8C найдено карточек: 30
2026-09-30 23:39:57,602 [INFO] parsers.parser_tophouse: [tophouse.ru] Пробуем URL: https://www.tophouse.ru/search/?q=%D0%BC%D0%B0%D1%81%D1%82%D0%B8%D0%BA%D0%B0
2026-09-30 23:39:57,658 [INFO] utils.robots_checker: [tophouse.ru] robots.txt разрешает парсинг https://www.tophouse.ru/search/?q=%D0%BC%D0%B0%D1%81%D1%82%D0%B8%D0%BA%D0%B0
2026-09-30 23:39:57,658 [INFO] parsers.base_parser: [tophouse.ru] GET https://www.tophouse.ru/search/?q=%D0%BC%D0%B0%D1%81%D1%82%D0%B8%D0%BA%D0%B0 (попытка 1/3)
2026-09-30 23:40:00,171 [INFO] parsers.parser_tophouse: [tophouse.ru] На https://www.tophouse.ru/search/?q=%D0%BC%D0%B0%D1%81%D1%82%D0%B8%D0%BA%D0%B0 найдено карточек: 30
2026-09-30 23:40:00,777 [INFO] parsers.parser_tophouse: [tophouse.ru] ИТОГО: 16 уникальных позиций Технониколь
2026-09-30 23:40:00,837 [INFO] parsers.base_parser: [tophouse.ru] Браузер закрыт
2026-09-30 23:40:00,838 [INFO] main: [tophouse.ru] Получено записей: 16
2026-09-30 23:40:00,838 [INFO] main: Парсер 'stroy-podskazka.ru' не подключён — пропускаем
2026-09-30 23:40:00,838 [INFO] main: ============================================================
2026-09-30 23:40:00,838 [INFO] main: Всего собрано записей: 31
2026-09-30 23:40:00,843 [INFO] main: CSV сохранён: F:\Users\Alina\source\repos\OpenIDE_project\bitumen_parser\output\bitumen_prices.csv (31 строк)
2026-09-30 23:40:00,843 [INFO] main: ============================================================
2026-09-30 23:40:00,843 [INFO] main: СВОДКА
2026-09-30 23:40:00,843 [INFO] main: ============================================================
2026-09-30 23:40:00,843 [INFO] main: Всего позиций: 31
2026-09-30 23:40:00,848 [INFO] main: По источникам:
2026-09-30 23:40:00,848 [INFO] main:   - ksk24.ru                  всего:  15 | с ценой:  15
2026-09-30 23:40:00,849 [INFO] main:   - tophouse.ru               всего:  16 | с ценой:   3
2026-09-30 23:40:00,849 [INFO] main: Топ-5 самых дешёвых позиций (с указанной ценой):
2026-09-30 23:40:00,849 [INFO] main:   - Мастика приклеивающая ТН №23 (Фиксер) Картридж 0,4 кг, 310 м |   398.00 ₽ | ksk24.ru
2026-09-30 23:40:00,850 [INFO] main:   - Мастика (клей) для гибкой черепицы 310мл ТЕХНОНИКОЛЬ Шинглас |   608.58 ₽ | tophouse.ru
2026-09-30 23:40:00,850 [INFO] main:   - Мастика гидроизоляционная ТН №24 (МГТН), ведро 3кг           |  1525.00 ₽ | ksk24.ru
2026-09-30 23:40:00,850 [INFO] main:   - Мастика кровельная ТН №21 (Техномаст), ведро 3 кг            |  2036.00 ₽ | ksk24.ru
2026-09-30 23:40:00,850 [INFO] main:   - Мастика приклеивающая ТН №23 (Фиксер) 3,6 кг                 |  2253.00 ₽ | ksk24.ru
2026-09-30 23:40:00,850 [INFO] main: Уникальных источников: 2
2026-09-30 23:40:00,850 [INFO] main: Сохранено в: F:\Users\Alina\source\repos\OpenIDE_project\bitumen_parser\output\bitumen_prices.csv
2026-09-30 23:40:00,850 [INFO] main: Готово
