2026-09-30 23:43:33,854 [INFO] pivot: Старт построения pivot-таблицы
2026-09-30 23:43:33,857 [INFO] pivot: Загружено 31 строк из F:\Users\Alina\source\repos\OpenIDE_project\bitumen_parser\output\bitumen_prices.csv
2026-09-30 23:43:33,863 [INFO] pivot: Pivot (flat) сохранён: F:\Users\Alina\source\repos\OpenIDE_project\bitumen_parser\output\bitumen_prices_pivot.csv (31 строк)
2026-09-30 23:43:33,877 [INFO] pivot: Summary сохранён: F:\Users\Alina\source\repos\OpenIDE_project\bitumen_parser\output\bitumen_prices_summary.csv (19 строк)
2026-09-30 23:43:33,877 [INFO] pivot: ================================================================================
2026-09-30 23:43:33,878 [INFO] pivot: СВОДКА: 19 уникальных товарных групп
2026-09-30 23:43:33,878 [INFO] pivot: ================================================================================
2026-09-30 23:43:33,878 [INFO] pivot: 
2026-09-30 23:43:33,878 [INFO] pivot: ГРУППЫ С РЕАЛЬНОЙ РАЗНИЦЕЙ ЦЕН (сравнение):
2026-09-30 23:43:33,879 [INFO] pivot: Товар                                                      | Фасовка  |      Мин ₽ |       Макс ₽ |    Разница
2026-09-30 23:43:33,879 [INFO] pivot: ------------------------------------------------------------------------------------------------------------------------
2026-09-30 23:43:33,879 [INFO] pivot: Мастика (клей) для гибкой черепицы 12кг ТЕХНОНИКОЛЬ Шингла | 12 кг    |    6681.00 |     10714.80 |   +4033.80 (60.4%)
2026-09-30 23:43:33,879 [INFO] pivot: Мастика (клей) для гибкой черепицы 3,6кг ТЕХНОНИКОЛЬ Шингл | 3.6 кг   |    2253.00 |      3603.64 |   +1350.64 (59.9%)
2026-09-30 23:43:33,879 [INFO] pivot: Мастика (клей) для гибкой черепицы 310мл ТЕХНОНИКОЛЬ Шингл | 0.4 кг   |     398.00 |       608.58 |    +210.58 (52.9%)
2026-09-30 23:43:33,879 [INFO] pivot: 
2026-09-30 23:43:33,880 [INFO] pivot: ГРУППЫ С ОДНИМ ИСТОЧНИКОМ ЦЕНЫ (12):
2026-09-30 23:43:33,880 [INFO] pivot:   - Мастика №24 гидроизоляционная ТехноНиколь (МГТН) 3кг       |  1525.00 ₽ | ksk24.ru
2026-09-30 23:43:33,880 [INFO] pivot:   - Мастика №21 кровельная ТехноНиколь (Техномаст) 3кг         |  2036.00 ₽ | ksk24.ru
2026-09-30 23:43:33,880 [INFO] pivot:   - Мастика кровельная горячая ТН №41 (Эврика) меш.30кг        |  3477.00 ₽ | ksk24.ru
2026-09-30 23:43:33,880 [INFO] pivot:   - Мастика №27 приклеивающая ТехноНиколь 12кг                 |  3842.00 ₽ | ksk24.ru
2026-09-30 23:43:33,880 [INFO] pivot:   - Мастика кровельная ТЕХНОНИКОЛЬ №31 морозостойкая, 20,6 л   |  4298.00 ₽ | ksk24.ru
2026-09-30 23:43:33,880 [INFO] pivot:   - Мастика №24 гидроизоляционная ТехноНиколь (МГТН) 20кг      |  5457.00 ₽ | ksk24.ru
2026-09-30 23:43:33,881 [INFO] pivot:   - Мастика приклеивающая ТЕХНОНИКОЛЬ №27, ведро 22 кг         |  5688.00 ₽ | ksk24.ru
2026-09-30 23:43:33,881 [INFO] pivot:   - Мастика №21 кровельная ТехноНиколь (Техномаст) 10кг        |  5974.00 ₽ | ksk24.ru
2026-09-30 23:43:33,881 [INFO] pivot:   - Мастика №22 приклеивающая ТехноНиколь (Вишера) 20кг        |  8427.00 ₽ | ksk24.ru
2026-09-30 23:43:33,881 [INFO] pivot:   - Мастика №21 кровельная ТехноНиколь (Техномаст) 20кг        |  8801.00 ₽ | ksk24.ru
2026-09-30 23:43:33,881 [INFO] pivot:   - Мастика ТехноНИКОЛЬ - Пламя Стоп                           | 19090.00 ₽ | ksk24.ru
2026-09-30 23:43:33,881 [INFO] pivot:   - Мастика защитная алюминиевая ТЕХНОНИКОЛЬ № 57, 20 кг       | 20522.00 ₽ | ksk24.ru
2026-09-30 23:43:33,881 [INFO] pivot: 
2026-09-30 23:43:33,881 [INFO] pivot: ГРУППЫ БЕЗ ИЗВЕСТНОЙ ЦЕНЫ (4):
2026-09-30 23:43:33,882 [INFO] pivot:   - Мастика битумная изоляционная, ведро 20л (16кг)
2026-09-30 23:43:33,882 [INFO] pivot:   - Мастика ТехноНиколь МГТН № 24, 10кг
2026-09-30 23:43:33,882 [INFO] pivot:   - Мастика №31 кровельная морозостойкая ТехноНиколь 18кг
2026-09-30 23:43:33,882 [INFO] pivot:   - Мастика водоэмульсионная ТЕХНОНИКОЛЬ №33, 200кг
2026-09-30 23:43:33,882 [INFO] pivot: Готово
